╭───────────────────────────────────────────────────────────────────────────╮
│ 🀄 GreedyAI Defense Upgrade — Comprehensive Benchmark Suite               │
│ Direct comparison between Baseline (Legacy) and Refined (2026-09 Upgrade) │
╰───────────────────────────────────────────────────────────────────────────╯

▶ Dimension 1: Tactical Scenario Regression Tests (Micro Benchmark)
┏━━━━━━━━━━━━━━━━━━━━━━━━━━━━┳━━━━━━━━━━━━━━━━━━━━━━━━━━━━━━━━┳━━━━━━━━━━━━━━━━━━━━━━━━━━━━━━━━━━━━━━━┳━━━━━━━━┓
┃ Tactical Scenario          ┃ Baseline (Legacy)              ┃ Refined (Upgrade)                     ┃ Status ┃
┡━━━━━━━━━━━━━━━━━━━━━━━━━━━━╇━━━━━━━━━━━━━━━━━━━━━━━━━━━━━━━━╇━━━━━━━━━━━━━━━━━━━━━━━━━━━━━━━━━━━━━━━╇━━━━━━━━┩
│ 1. 0向听愚形弃听           │ 盲打 5m 维持听牌 (放铳)        │ 弃听打现物 7p (避铳保分)              │  PASS  │
│ 2. 立直宣言手切筋陷阱识别  │ 误判手切筋 2m 比普通筋更安全   │ 手切筋判罚 +3 危险分，优先舍字牌      │  PASS  │
│ 3. 生牌客风 vs 无筋 2/8    │ 生字 14 分 > 无筋 13 分 (倒挂) │ 生客风 7 分 < 无筋 12 分 (符合统计学) │  PASS  │
│ 4. 中张无筋分级 (3/7 vs 5) │ 3~7 无筋一锅端统一给 16 分     │ 精细分级: 3m(15分) < 5m(19分)         │  PASS  │
│ 5. 绝张字牌国士无双例外    │ 粗暴视作 0 分绝对安全牌        │ 国士未破时保留 1 分警戒               │  PASS  │
└────────────────────────────┴────────────────────────────────┴───────────────────────────────────────┴────────┘

▶ Dimension 2: Tenhou Phoenix Replay Benchmark (Offline Match Rate)
  Evaluating on phoenix_2026.mjson (365 human discard decisions)...
[1/2] 推演 Baseline (旧版) 牌谱... ━━━━━━━━━━━━━━━━━━━━━━━━━ 100% 0:00:20
[2/2] 推演 Refined (新版) 牌谱...  ━━━━━━━━━━━━━━━━━━━━━━━━━ 100% 0:00:00
┏━━━━━━━━━━━━━━━━━━━━━━━━━━━━━━━━━━━━━━━━━━┳━━━━━━━━━━━━━━━━━━━┳━━━━━━━━━━━━━━━━━━━┳━━━━━━━━━━━━━━━━┓
┃ Metric                                   ┃ Baseline (Legacy) ┃ Refined (Upgrade) ┃ Delta / Impact ┃
┡━━━━━━━━━━━━━━━━━━━━━━━━━━━━━━━━━━━━━━━━━━╇━━━━━━━━━━━━━━━━━━━╇━━━━━━━━━━━━━━━━━━━╇━━━━━━━━━━━━━━━━┩
│ 立直威胁下安全牌打出率 (Riichi Safety %) │            48.75% │            50.00% │         +1.25% │
│ 立直威胁下切牌吻合率 (Riichi Top-1 %)    │            55.00% │            53.75% │         -1.25% │
│ 2向听候选牌组吻合率 (2-shanten Top-2 %)  │            80.65% │            83.87% │         +3.23% │
│ 全局 Top-2 切牌候选吻合度                │            75.34% │            75.62% │         +0.27% │
│ 全局 Top-1 切牌吻合度                    │            56.99% │            56.71% │         -0.27% │
└──────────────────────────────────────────┴───────────────────┴───────────────────┴────────────────┘

▶ Dimension 3: Head-to-Head Tournament (20 Games, Tonpuu)
Simulating tournament... ━━━━━━━━━━━━━━━━━━━━━━━━━━━━━━ 100% 0:05:29 0:00:00
┏━━━━━━━┳━━━━━━━┳━━━━━━━┳━━━━━━━┳━━━━━━━┳━━━━━━━┳━━━━━━━┳━━━━━━━┳━━━━━━━┳━━━━━━┓
┃ Team  ┃       ┃       ┃       ┃       ┃       ┃ 和了… ┃ 放铳… ┃       ┃      ┃
┃ / AI  ┃   1st ┃   2nd ┃   3rd ┃   4th ┃   Avg ┃  (Win ┃ (Dea… ┃ 和铳… ┃      ┃
┃ Model ┃   (%) ┃   (%) ┃   (%) ┃   (%) ┃  Rank ┃    %) ┃    %) ┃ (Rat… ┃ 平 … ┃
┡━━━━━━━╇━━━━━━━╇━━━━━━━╇━━━━━━━╇━━━━━━━╇━━━━━━━╇━━━━━━━╇━━━━━━━╇━━━━━━━╇━━━━━━┩
│ Refi… │ 22.5% │ 30.0% │ 20.0% │ 27.5% │  2.52 │ 20.3% │ 12.1% │  1.68 │ 6,3… │
│ Gree… │       │       │       │       │       │       │       │       │   点 │
│ (New) │       │       │       │       │       │       │       │       │      │
│ Base… │ 27.5% │ 20.0% │ 30.0% │ 22.5% │  2.48 │ 19.5% │ 11.3% │  1.72 │ 5,8… │
│ Gree… │       │       │       │       │       │       │       │       │   点 │
│ (Leg… │       │       │       │       │       │       │       │       │      │
└───────┴───────┴───────┴───────┴───────┴───────┴───────┴───────┴───────┴──────┘

✔ Benchmark Complete! All results verified successfully.

